07:27:20 — start
=== Step 1: SINGLE-PASS compact partition K=16 ===
Input: /mnt/data/lineitem_sf1500.bin, 9000021272 records (1080.00 GB)
Compact map: 28 bytes detected in 6903 ms
Splitter sort: 521 ms
  bucket[0]: 552476095 records (22.10 GB compact)
  bucket[1]: 566449690 records (22.66 GB compact)
  bucket[2]: 543612294 records (21.74 GB compact)
  bucket[3]: 561393154 records (22.46 GB compact)
  bucket[4]: 574158467 records (22.97 GB compact)
  bucket[5]: 571009668 records (22.84 GB compact)
  bucket[6]: 570716848 records (22.83 GB compact)
  bucket[7]: 531079435 records (21.24 GB compact)
  bucket[8]: 555772930 records (22.23 GB compact)
  bucket[9]: 571023983 records (22.84 GB compact)
  bucket[10]: 574573498 records (22.98 GB compact)
  bucket[11]: 572896401 records (22.92 GB compact)
  bucket[12]: 559447325 records (22.38 GB compact)
  bucket[13]: 550503169 records (22.02 GB compact)
  bucket[14]: 574937581 records (23.00 GB compact)
  bucket[15]: 569970734 records (22.80 GB compact)
Single-pass (classify + write): 299045 ms (1080.00 GB read, 360.00 GB write)
Total partition wall: 315331 ms (3.42 GB/s effective on input read)
CSV,partition_compact_v2,records=9000021272,K=16,n_cmap=28,sample_ms=521,pass_ms=299045,total_ms=315331,read_gb=1080.00,write_gb=360.00
07:32:35 — partitioned
Partition wall: 315.334042662 s
=== Evicting INPUT only (keep bucket cache for fast sort fread) ===
/mnt/data/lineitem_sf1500.bin (1080.0 GB): fadvise(DONTNEED) rc=0
              total        used        free      shared  buff/cache   available
Mem:           1007           3         745           0         257         997
=== Step 2: 4-GPU concurrent × 4 rounds ===
07:33:21 — round 1
07:33:58 — round 2
07:34:36 — round 3
07:35:15 — round 4
=== Sort-only wall: 151.822758417 s ===
b0: CSV,sort_compact_bucket,records=552476095,total_ms=26296,load_ms=20105,h2d_ms=403,sort_ms=321,gather_ms=1526,write_ms=3942
b1: CSV,sort_compact_bucket,records=566449690,total_ms=26721,load_ms=20368,h2d_ms=413,sort_ms=329,gather_ms=1571,write_ms=4041
b2: CSV,sort_compact_bucket,records=543612294,total_ms=26089,load_ms=20094,h2d_ms=396,sort_ms=315,gather_ms=1541,write_ms=3741
b3: CSV,sort_compact_bucket,records=561393154,total_ms=26671,load_ms=20303,h2d_ms=409,sort_ms=326,gather_ms=1634,write_ms=3999
b4: CSV,sort_compact_bucket,records=574158467,total_ms=26661,load_ms=20338,h2d_ms=419,sort_ms=333,gather_ms=1674,write_ms=3897
b5: CSV,sort_compact_bucket,records=571009668,total_ms=26569,load_ms=20348,h2d_ms=416,sort_ms=331,gather_ms=1662,write_ms=3811
b6: CSV,sort_compact_bucket,records=570716848,total_ms=26766,load_ms=20361,h2d_ms=416,sort_ms=331,gather_ms=1650,write_ms=4008
b7: CSV,sort_compact_bucket,records=531079435,total_ms=24404,load_ms=19363,h2d_ms=397,sort_ms=307,gather_ms=1374,write_ms=2963
b8: CSV,sort_compact_bucket,records=555772930,total_ms=26509,load_ms=20759,h2d_ms=406,sort_ms=322,gather_ms=1451,write_ms=3572
b9: CSV,sort_compact_bucket,records=571023983,total_ms=27318,load_ms=21107,h2d_ms=416,sort_ms=331,gather_ms=1524,write_ms=3940
b10: CSV,sort_compact_bucket,records=574573498,total_ms=27478,load_ms=21209,h2d_ms=419,sort_ms=333,gather_ms=1620,write_ms=3897
b11: CSV,sort_compact_bucket,records=572896401,total_ms=27496,load_ms=21221,h2d_ms=428,sort_ms=332,gather_ms=1607,write_ms=3908
b12: CSV,sort_compact_bucket,records=559447325,total_ms=26121,load_ms=19998,h2d_ms=408,sort_ms=324,gather_ms=1532,write_ms=3859
b13: CSV,sort_compact_bucket,records=550503169,total_ms=25905,load_ms=19872,h2d_ms=402,sort_ms=320,gather_ms=1495,write_ms=3817
b14: CSV,sort_compact_bucket,records=574937581,total_ms=26572,load_ms=20229,h2d_ms=419,sort_ms=334,gather_ms=1579,write_ms=4012
b15: CSV,sort_compact_bucket,records=569970734,total_ms=26550,load_ms=20201,h2d_ms=425,sort_ms=331,gather_ms=1595,write_ms=3998
=== 16 PASS / 0 FAIL ===
07:35:59 — done
